// 重构日志: eed21df7
// 重构日志: 58f25b7c
// 重构日志: 09cc682a
// 同步 ID: 4cd59af5 @ Sat Jul 25 00:12:14 UTC 2026
// 重构日志: e867563d
// 重构日志: 8f425ff8
// 重构日志: a5a88db6
// 重构日志: bc2587ef
// 重构日志: a92a8b68
// 重构日志: 4ac0e78f
// 同步 ID: cf094b18 @ Mon Jul 27 18:37:14 UTC 2026
// 同步 ID: eab9b955 @ Thu Jul 30 12:33:48 UTC 2026
// 重构日志: 3328b394
// 重构日志: cd0a38f3
// 重构日志: 4e184652
// 重构日志: 514a3c0a
// 重构日志: e4a61797
// 重构日志: bf9a851b
// 重构日志: 8de04fb1
// 同步 ID: e63c88e0 @ Sun Aug  2 11:05:09 UTC 2026
// 重构日志: e8d78740
// 重构日志: 851816a1
// 重构日志: 23a465f3
// 重构日志: 71f46135
// 重构日志: cd019ce1
// 重构日志: 9045e2b9
// 重构日志: 7080c045
// 同步 ID: 9a944887 @ Wed Aug  5 08:02:46 UTC 2026
// 重构日志: ec430d43
// 同步 ID: c1ece49e @ Thu Aug  6 05:50:07 UTC 2026
// 重构日志: e92cc572
